Microchip MPLAB XC8 Compiler V3.00

Linker command line:

-W-3 \
  --edf=C:/Program Files/Microchip/MPLABX/v6.25/packs/Microchip/PIC18Fxxxx_DFP/1.7.171/xc8\pic\dat\20250117225543_en.msgs \
  -cn -h+dist/default/production\FireCatcher.X.production.sym \
  --cmf=dist/default/production\FireCatcher.X.production.cmf -z -Q18F4520 \
  -oC:\Users\adria\AppData\Local\Temp\xcAsauk.\driver_tmp_3.o \
  --defsym=__MPLAB_BUILD=1 --fixupoverflow=error \
  -Mdist/default/production/FireCatcher.X.production.map \
  --md=C:\Users\adria\AppData\Local\Temp\xcAsauk.\driver_tmp_0.dat -E1 \
  -ver=XC8 Compiler -ACODE=00h-07FFFh -ACONST=00h-07FFFh \
  -ASMALLCONST=0600h-06FFhx122 -AMEDIUMCONST=0600h-07FFFh -ACOMRAM=01h-07Fh \
  -AABS1=00h-05FFh -ABIGRAM=01h-05FFh -ARAM=080h-0FFh,0100h-01FFhx5 \
  -ABANK0=080h-0FFh -ABANK1=0100h-01FFh -ABANK2=0200h-02FFh \
  -ABANK3=0300h-03FFh -ABANK4=0400h-04FFh -ABANK5=0500h-05FFh \
  -ASFR=0F80h-0FFFh -ABIGSFR=0F80h-0FFFh -ACONFIG=0300000h-030000Dh \
  -AIDLOC=0200000h-0200007h -AEEDATA=0F00000h-0F000FFh -peeprom_data=EEDATA \
  -preset_vec=00h,intcode=8h,intcodelo=18h,sivt_lo,sivt_hi=CODE \
  -ppowerup=CODE,init -pramtop=0600h -psmallconst=SMALLCONST \
  -pmediumconst=MEDIUMCONST -pconst=CONST -AFARRAM=00h-00h \
  -prdata=COMRAM,nvrram=COMRAM,nvbit=COMRAM,rbss=COMRAM,rbit=COMRAM \
  -pfarbss=FARRAM,fardata=FARRAM,nvFARRAM=FARRAM \
  -pintsave_regs=BIGRAM,bigbss=BIGRAM,bigdata=BIGRAM -pbss=RAM \
  -pidata=CODE,irdata=CODE,ibigdata=CODE,ifardata=CODE -prparam=COMRAM \
  C:\Users\adria\AppData\Local\Temp\xcAsauk.\driver_tmp_14.o \
  dist/default/production\FireCatcher.X.production.o 

Object code version is 3.11

Machine type is 18F4520



                Name                               Link     Load   Length Selector   Space Scale
C:\Users\adria\AppData\Local\Temp\xcAsauk.\driver_tmp_14.o
                config                           300000   300000        E        0       4
                init                               7FFC     7FFC        4     3FFE       0
                reset_vec                             0        0        4        0       0
dist/default/production\FireCatcher.X.production.o
                config                           300000   300000        E        0       4
                smallconst                          600      600       22      300       0
                text34                             2CB8     2CB8       1E      311       0
                text33                             29BE     29BE       56      311       0
                text32                             18E2     18E2      390      311       0
                text31                             14BC     14BC      426      311       0
                text30                             2052     2052      1B4      311       0
                text29                             2804     2804       A0      311       0
                text28                             2A14     2A14       54      311       0
                text27                             2C9A     2C9A       1E      311       0
                text26                             2CF2     2CF2       18      311       0
                text25                             2D18     2D18        E      311       0
                text24                             2C6C     2C6C       2E      311       0
                text23                             2CD6     2CD6       1C      311       0
                text22                             2D0A     2D0A        E      311       0
                text21                             290A     290A       5E      311       0
                text20                             26B6     26B6       AA      311       0
                text19                             230C     230C      104      311       0
                text18                             2C34     2C34       38      311       0
                text17                             1006     1006      4B6      311       0
                text16                             2AB8     2AB8       46      311       0
                text15                             2206     2206      106      311       0
                text14                             250E     250E       FE      311       0
                text13                             1C72     1C72      212      311       0
                text12                             2968     2968       56      311       0
                text11                             2A68     2A68       50      311       0
                text10                             2D28     2D28        2      311       0
                text9                              260C     260C       AA      311       0
                text8                              2B82     2B82       40      311       0
                text7                              28A4     28A4       66      311       0
                text6                              2BC2     2BC2       3A      311       0
                text5                               622      622      9E4      311       0
                text4                              2760     2760       A4      311       0
                text3                              1E84     1E84      1CE      311       0
                text2                              2B42     2B42       40      311       0
                text1                              2BFC     2BFC       38      311       0
                text0                              2410     2410       FE      311       0
                cstackCOMRAM                          1        1       73        1       1
                cstackBANK0                          80       80       51       80       1
                bssBANK1                            100      100       50      100       1
                bssBANK0                             D1       D1        4       80       1
                dataCOMRAM                           7D       7D        2        1       1
                bssCOMRAM                            74       74        9        1       1
                cinit                              2AFE     2AFE       44      311       0
                idataCOMRAM                        2D26     2D26        2      311       0

TOTAL           Name                               Link     Load   Length     Space
        CLASS   CODE           
                init                               7FFC     7FFC        4         0
                reset_vec                             0        0        4         0
                text34                             2CB8     2CB8       1E         0
                text33                             29BE     29BE       56         0
                text32                             18E2     18E2      390         0
                text31                             14BC     14BC      426         0
                text30                             2052     2052      1B4         0
                text29                             2804     2804       A0         0
                text28                             2A14     2A14       54         0
                text27                             2C9A     2C9A       1E         0
                text26                             2CF2     2CF2       18         0
                text25                             2D18     2D18        E         0
                text24                             2C6C     2C6C       2E         0
                text23                             2CD6     2CD6       1C         0
                text22                             2D0A     2D0A        E         0
                text21                             290A     290A       5E         0
                text20                             26B6     26B6       AA         0
                text19                             230C     230C      104         0
                text18                             2C34     2C34       38         0
                text17                             1006     1006      4B6         0
                text16                             2AB8     2AB8       46         0
                text15                             2206     2206      106         0
                text14                             250E     250E       FE         0
                text13                             1C72     1C72      212         0
                text12                             2968     2968       56         0
                text11                             2A68     2A68       50         0
                text10                             2D28     2D28        2         0
                text9                              260C     260C       AA         0
                text8                              2B82     2B82       40         0
                text7                              28A4     28A4       66         0
                text6                              2BC2     2BC2       3A         0
                text5                               622      622      9E4         0
                text4                              2760     2760       A4         0
                text3                              1E84     1E84      1CE         0
                text2                              2B42     2B42       40         0
                text1                              2BFC     2BFC       38         0
                text0                              2410     2410       FE         0
                cinit                              2AFE     2AFE       44         0
                idataCOMRAM                        2D26     2D26        2         0

        CLASS   CONST          

        CLASS   SMALLCONST     
                smallconst                          600      600       22         0

        CLASS   MEDIUMCONST    

        CLASS   COMRAM         
                cstackCOMRAM                          1        1       73         1
                dataCOMRAM                           7D       7D        2         1
                bssCOMRAM                            74       74        9         1

        CLASS   ABS1           

        CLASS   BIGRAM         

        CLASS   RAM            

        CLASS   BANK0          
                cstackBANK0                          80       80       51         1
                bssBANK0                             D1       D1        4         1

        CLASS   BANK1          
                bssBANK1                            100      100       50         1

        CLASS   BANK2          

        CLASS   BANK3          

        CLASS   BANK4          

        CLASS   BANK5          

        CLASS   SFR            

        CLASS   BIGSFR         

        CLASS   CONFIG         
                config                           300000   300000        E         4

        CLASS   IDLOC          

        CLASS   EEDATA         

        CLASS   FARRAM         

        CLASS   HEAP           

        CLASS   STACK          



SEGMENTS        Name                           Load    Length   Top    Selector   Space  Class

                reset_vec                      000000  000004  000004         0       0  CODE    
                cstackCOMRAM                   000001  00007E  00007F         1       1  COMRAM  
                cstackBANK0                    000080  000055  0000D5        80       1  BANK0   
                bssBANK1                       000100  000050  000150       100       1  BANK1   
                smallconst                     000600  000022  000622       300       0  SMALLCON
                text5                          000622  002708  002D2A       311       0  CODE    
                init                           007FFC  000004  008000      3FFE       0  CODE    


UNUSED ADDRESS RANGES

        Name                Unused          Largest block    Delta
        BANK0            0000D5-0000FF               2B
        BANK1            000150-0001FF               B0
        BANK2            000200-0002FF              100
        BANK3            000300-0003FF              100
        BANK4            000400-0004FF              100
        BANK5            000500-0005FF              100
        BIGRAM           00007F-00007F                1
                         0000D5-0000FF               2B
                         000150-0005FF              4B0
        BIGSFR           000F80-000FFF               80
        CODE             000004-0005FF              5FC
                         002D2A-007FFB             52D2
        COMRAM           00007F-00007F                1
        CONST            000004-0005FF              5FC
                         002D2A-007FFB             52D2
        EEDATA           F00000-F000FF              100
        IDLOC            200000-200007                8
        MEDIUMCONST      002D2A-007FFB             52D2
        RAM              0000D5-0000FF               2B
                         000150-0005FF              100
        SFR              000F80-000FFF               80
        SMALLCONST       002D2A-007FFB              100

                                  Symbol Table

?_ADC_read                  cstackCOMRAM 000001
?_ADC_read_temp             cstackCOMRAM 000041
?___fladd                   cstackCOMRAM 000001
?___fldiv                   cstackCOMRAM 000028
?___flmul                   cstackCOMRAM 00000F
?___flneg                   cstackCOMRAM 000001
?___flsub                   cstackCOMRAM 000028
?___fltol                   cstackCOMRAM 000001
?___fpclassifyf             cstackCOMRAM 000001
?___xxtofl                  cstackCOMRAM 000001
?_floorf                    cstackCOMRAM 000041
?_labs                      cstackCOMRAM 000001
?_read_prec_or_width        cstackCOMRAM 000001
?_sprintf                   cstackBANK0  0000AF
?_vfprintf                  cstackBANK0  0000AC
ADC_read@channel            cstackCOMRAM 000005
ADC_read_temp@value         cstackCOMRAM 000041
PWM_control@value           cstackCOMRAM 000001
_ADCON0                     (abs)        000FC2
_ADCON0bits                 (abs)        000FC2
_ADCON1                     (abs)        000FC1
_ADCON2bits                 (abs)        000FC0
_ADC_init                   text34       002CB8
_ADC_read                   text33       0029BE
_ADC_read_temp              text29       002804
_ADC_read_temp$1448         cstackCOMRAM 000045
_ADRESH                     (abs)        000FC4
_ADRESL                     (abs)        000FC3
_CCP1CONbits                (abs)        000FBD
_CCPR1L                     (abs)        000FBE
_GO_DONE                    (abs)        007E11
_OSCCON                     (abs)        000FD3
_PORTB                      (abs)        000F81
_PORTCbits                  (abs)        000F82
_PORTDbits                  (abs)        000F83
_PR2                        (abs)        000FCB
_PWM_control                text28       002A14
_PWM_init                   text27       002C9A
_T2CONbits                  (abs)        000FCA
_TRISA                      (abs)        000F92
_TRISB                      (abs)        000F93
_TRISCbits                  (abs)        000F94
_TRISD1                     (abs)        007CA9
_TRISD7                     (abs)        007CAF
__HRAM                      (abs)        000000
__H__absolute__             __absolute__ 000000
__Habs1                     abs1         000000
__Hbank0                    bank0        000000
__Hbank1                    bank1        000000
__Hbank2                    bank2        000000
__Hbank3                    bank3        000000
__Hbank4                    bank4        000000
__Hbank5                    bank5        000000
__Hbigbss                   bigbss       000000
__Hbigdata                  bigdata      000000
__Hbigram                   bigram       000000
__Hbigsfr                   bigsfr       000000
__Hbss                      bss          000000
__HbssBANK0                 bssBANK0     000000
__HbssBANK1                 bssBANK1     000000
__HbssCOMRAM                bssCOMRAM    000000
__Hcinit                    cinit        000000
__Hclrtext                  clrtext      000000
__Hcomram                   comram       000000
__Hconfig                   config       30000E
__Hconst                    const        000000
__HcstackBANK0              cstackBANK0  000000
__HcstackCOMRAM             cstackCOMRAM 000000
__Hdata                     data         000000
__HdataCOMRAM               dataCOMRAM   000000
__Heeprom_data              eeprom_data  000000
__Hfarbss                   farbss       000000
__Hfardata                  fardata      000000
__Hheap                     heap         000000
__Hibigdata                 ibigdata     000000
__Hidata                    idata        000000
__HidataCOMRAM              idataCOMRAM  000000
__Hidloc                    idloc        000000
__Hifardata                 ifardata     000000
__Hinit                     init         008000
__Hintcode                  intcode      000008
__Hintcode_body             intcode_body 000000
__Hintcodelo                intcodelo    000018
__Hintentry                 intentry     000000
__Hintret                   intret       000000
__Hintsave_regs             intsave_regs 000000
__Hirdata                   irdata       000000
__Hmediumconst              mediumconst  000000
__HnvFARRAM                 nvFARRAM     000000
__Hnvbit                    nvbit        000000
__Hnvrram                   nvrram       000000
__Hparam                    rparam       000000
__Hpowerup                  powerup      000000
__Hram                      ram          000000
__Hramtop                   ramtop       000600
__Hrbit                     rbit         000000
__Hrbss                     rbss         000000
__Hrdata                    rdata        000000
__Hreset_vec                reset_vec    000004
__Hrparam                   rparam       000000
__Hsfr                      sfr          000000
__Hsivt_hi                  sivt_hi      000000
__Hsivt_lo                  sivt_lo      000018
__Hsmallconst               smallconst   000622
__Hspace_0                  (abs)        008000
__Hspace_1                  (abs)        000150
__Hspace_2                  (abs)        000000
__Hspace_4                  (abs)        60000E
__Hstack                    stack        000000
__Hstruct                   struct       000000
__Htemp                     temp         000000
__Htext                     text         000000
__Htext0                    text0        000000
__Htext1                    text1        000000
__Htext10                   text10       000000
__Htext11                   text11       000000
__Htext12                   text12       000000
__Htext13                   text13       000000
__Htext14                   text14       000000
__Htext15                   text15       000000
__Htext16                   text16       000000
__Htext17                   text17       000000
__Htext18                   text18       000000
__Htext19                   text19       000000
__Htext2                    text2        000000
__Htext20                   text20       000000
__Htext21                   text21       000000
__Htext22                   text22       000000
__Htext23                   text23       000000
__Htext24                   text24       000000
__Htext25                   text25       000000
__Htext26                   text26       000000
__Htext27                   text27       000000
__Htext28                   text28       000000
__Htext29                   text29       000000
__Htext3                    text3        000000
__Htext30                   text30       000000
__Htext31                   text31       000000
__Htext32                   text32       000000
__Htext33                   text33       000000
__Htext34                   text34       000000
__Htext4                    text4        000000
__Htext5                    text5        000000
__Htext6                    text6        000000
__Htext7                    text7        000000
__Htext8                    text8        000000
__Htext9                    text9        000000
__LRAM                      (abs)        000001
__L__absolute__             __absolute__ 000000
__Labs1                     abs1         000000
__Lbank0                    bank0        000000
__Lbank1                    bank1        000000
__Lbank2                    bank2        000000
__Lbank3                    bank3        000000
__Lbank4                    bank4        000000
__Lbank5                    bank5        000000
__Lbigbss                   bigbss       000000
__Lbigdata                  bigdata      000000
__Lbigram                   bigram       000000
__Lbigsfr                   bigsfr       000000
__Lbss                      bss          000000
__LbssBANK0                 bssBANK0     000000
__LbssBANK1                 bssBANK1     000000
__LbssCOMRAM                bssCOMRAM    000000
__Lcinit                    cinit        000000
__Lclrtext                  clrtext      000000
__Lcomram                   comram       000000
__Lconfig                   config       000000
__Lconst                    const        000000
__LcstackBANK0              cstackBANK0  000000
__LcstackCOMRAM             cstackCOMRAM 000000
__Ldata                     data         000000
__LdataCOMRAM               dataCOMRAM   000000
__Leeprom_data              eeprom_data  000000
__Lfarbss                   farbss       000000
__Lfardata                  fardata      000000
__Lheap                     heap         000000
__Libigdata                 ibigdata     000000
__Lidata                    idata        000000
__LidataCOMRAM              idataCOMRAM  000000
__Lidloc                    idloc        000000
__Lifardata                 ifardata     000000
__Linit                     init         007FFC
__Lintcode                  intcode      000008
__Lintcode_body             intcode_body 000000
__Lintcodelo                intcodelo    000018
__Lintentry                 intentry     000000
__Lintret                   intret       000000
__Lintsave_regs             intsave_regs 000000
__Lirdata                   irdata       000000
__Lmediumconst              mediumconst  000000
__LnvFARRAM                 nvFARRAM     000000
__Lnvbit                    nvbit        000000
__Lnvrram                   nvrram       000000
__Lparam                    rparam       000000
__Lpowerup                  powerup      000000
__Lram                      ram          000000
__Lramtop                   ramtop       000600
__Lrbit                     rbit         000000
__Lrbss                     rbss         000000
__Lrdata                    rdata        000000
__Lreset_vec                reset_vec    000000
__Lrparam                   rparam       000000
__Lsfr                      sfr          000000
__Lsivt_hi                  sivt_hi      000000
__Lsivt_lo                  sivt_lo      000018
__Lsmallconst               smallconst   000600
__Lspace_0                  (abs)        000000
__Lspace_1                  (abs)        000000
__Lspace_2                  (abs)        000000
__Lspace_4                  (abs)        000000
__Lstack                    stack        000000
__Lstruct                   struct       000000
__Ltemp                     temp         000000
__Ltext                     text         000000
__Ltext0                    text0        000000
__Ltext1                    text1        000000
__Ltext10                   text10       000000
__Ltext11                   text11       000000
__Ltext12                   text12       000000
__Ltext13                   text13       000000
__Ltext14                   text14       000000
__Ltext15                   text15       000000
__Ltext16                   text16       000000
__Ltext17                   text17       000000
__Ltext18                   text18       000000
__Ltext19                   text19       000000
__Ltext2                    text2        000000
__Ltext20                   text20       000000
__Ltext21                   text21       000000
__Ltext22                   text22       000000
__Ltext23                   text23       000000
__Ltext24                   text24       000000
__Ltext25                   text25       000000
__Ltext26                   text26       000000
__Ltext27                   text27       000000
__Ltext28                   text28       000000
__Ltext29                   text29       000000
__Ltext3                    text3        000000
__Ltext30                   text30       000000
__Ltext31                   text31       000000
__Ltext32                   text32       000000
__Ltext33                   text33       000000
__Ltext34                   text34       000000
__Ltext4                    text4        000000
__Ltext5                    text5        000000
__Ltext6                    text6        000000
__Ltext7                    text7        000000
__Ltext8                    text8        000000
__Ltext9                    text9        000000
__S0                        (abs)        008000
__S1                        (abs)        000150
__S4                        (abs)        000000
__S5                        (abs)        000000
___fladd                    text17       001006
___fladd@a                  cstackCOMRAM 000005
___fladd@aexp               cstackCOMRAM 00000E
___fladd@b                  cstackCOMRAM 000001
___fladd@bexp               cstackCOMRAM 00000F
___fladd@grs                cstackCOMRAM 000010
___fladd@signs              cstackCOMRAM 00000D
___fldiv                    text32       0018E2
___fldiv@a                  cstackCOMRAM 00002C
___fldiv@aexp               cstackCOMRAM 000040
___fldiv@b                  cstackCOMRAM 000028
___fldiv@bexp               cstackCOMRAM 00003F
___fldiv@grs                cstackCOMRAM 00003B
___fldiv@new_exp            cstackCOMRAM 000039
___fldiv@rem                cstackCOMRAM 000034
___fldiv@sign               cstackCOMRAM 000038
___fleq                     text20       0026B6
___fleq@ff1                 cstackCOMRAM 000001
___fleq@ff2                 cstackCOMRAM 000005
___flge                     text19       00230C
___flge@ff1                 cstackCOMRAM 000028
___flge@ff2                 cstackCOMRAM 00002C
___flmul                    text31       0014BC
___flmul@a                  cstackCOMRAM 000013
___flmul@aexp               cstackCOMRAM 000020
___flmul@b                  cstackCOMRAM 00000F
___flmul@bexp               cstackCOMRAM 000021
___flmul@grs                cstackCOMRAM 00001C
___flmul@prod               cstackCOMRAM 000022
___flmul@sign               cstackCOMRAM 00001B
___flmul@temp               cstackCOMRAM 000026
___flneg                    text18       002C34
___flneg@f1                 cstackCOMRAM 000001
___flsub                    text16       002AB8
___flsub@a                  cstackCOMRAM 00002C
___flsub@b                  cstackCOMRAM 000028
___fltol                    text15       002206
___fltol@exp1               cstackCOMRAM 00000A
___fltol@f1                 cstackCOMRAM 000001
___fltol@sign1              cstackCOMRAM 000009
___fpclassifyf              text14       00250E
___fpclassifyf@F465         bssCOMRAM    000078
___fpclassifyf@e            cstackCOMRAM 000009
___fpclassifyf@u            cstackCOMRAM 00000B
___fpclassifyf@x            cstackCOMRAM 000001
___heap_hi                  (abs)        000000
___heap_lo                  (abs)        000000
___inthi_sp                 stack        000000
___inthi_stack_hi           stack        000000
___inthi_stack_lo           stack        000000
___intlo_sp                 stack        000000
___intlo_stack_hi           stack        000000
___intlo_stack_lo           stack        000000
___param_bank               (abs)        000000
___rparam_used              (abs)        000001
___sp                       stack        000000
___stack_hi                 stack        000000
___stack_lo                 stack        000000
___xxtofl                   text30       002052
___xxtofl@arg               cstackCOMRAM 00000B
___xxtofl@exp               cstackCOMRAM 00000A
___xxtofl@sign              cstackCOMRAM 000009
___xxtofl@val               cstackCOMRAM 000001
__accesstop                 (abs)        000080
__activetblptr              (abs)        000002
__end_of_ADC_init           text34       002CD6
__end_of_ADC_read           text33       002A14
__end_of_ADC_read_temp      text29       0028A4
__end_of_PWM_control        text28       002A68
__end_of_PWM_init           text27       002CB8
__end_of___fladd            text17       0014BC
__end_of___fldiv            text32       001C72
__end_of___fleq             text20       002760
__end_of___flge             text19       002410
__end_of___flmul            text31       0018E2
__end_of___flneg            text18       002C6C
__end_of___flsub            text16       002AFE
__end_of___fltol            text15       00230C
__end_of___fpclassifyf      text14       00260C
__end_of___xxtofl           text30       002206
__end_of__initialization    cinit        002B38
__end_of_efgtoa             text5        001006
__end_of_floorf             text13       001E84
__end_of_fputc              text9        0026B6
__end_of_fputs              text8        002BC2
__end_of_labs               text12       0029BE
__end_of_lcd_cmd            text25       002D26
__end_of_lcd_data           text22       002D18
__end_of_lcd_enable         text26       002D0A
__end_of_lcd_init           text24       002C9A
__end_of_lcd_set_cursor     text23       002CF2
__end_of_lcd_string         text21       002968
__end_of_main               text0        00250E
__end_of_memcpy             text11       002AB8
__end_of_pad                text7        00290A
__end_of_putch              text10       002D2A
__end_of_read_prec_or_width text4        002804
__end_of_sprintf            text1        002C34
__end_of_strcpy             text6        002BFC
__end_of_vfpfcnvrt          text3        002052
__end_of_vfprintf           text2        002B82
__initialization            cinit        002AFE
__mediumconst               smallconst   000600
__pbssBANK0                 bssBANK0     0000D1
__pbssBANK1                 bssBANK1     000100
__pbssCOMRAM                bssCOMRAM    000074
__pcinit                    cinit        002AFE
__pcstackBANK0              cstackBANK0  000080
__pcstackCOMRAM             cstackCOMRAM 000001
__pdataCOMRAM               dataCOMRAM   00007D
__pidataCOMRAM              idataCOMRAM  002D26
__psmallconst               smallconst   000600
__ptext0                    text0        002410
__ptext1                    text1        002BFC
__ptext10                   text10       002D28
__ptext11                   text11       002A68
__ptext12                   text12       002968
__ptext13                   text13       001C72
__ptext14                   text14       00250E
__ptext15                   text15       002206
__ptext16                   text16       002AB8
__ptext17                   text17       001006
__ptext18                   text18       002C34
__ptext19                   text19       00230C
__ptext2                    text2        002B42
__ptext20                   text20       0026B6
__ptext21                   text21       00290A
__ptext22                   text22       002D0A
__ptext23                   text23       002CD6
__ptext24                   text24       002C6C
__ptext25                   text25       002D18
__ptext26                   text26       002CF2
__ptext27                   text27       002C9A
__ptext28                   text28       002A14
__ptext29                   text29       002804
__ptext3                    text3        001E84
__ptext30                   text30       002052
__ptext31                   text31       0014BC
__ptext32                   text32       0018E2
__ptext33                   text33       0029BE
__ptext34                   text34       002CB8
__ptext4                    text4        002760
__ptext5                    text5        000622
__ptext6                    text6        002BC2
__ptext7                    text7        0028A4
__ptext8                    text8        002B82
__ptext9                    text9        00260C
__ramtop                    ramtop       000600
__smallconst                smallconst   000600
_dbuf                       bssBANK1     000100
_efgtoa                     text5        000622
_efgtoa$1138                cstackBANK0  000086
_flags                      bssCOMRAM    00007C
_floorf                     text13       001C72
_fputc                      text9        00260C
_fputs                      text8        002B82
_labs                       text12       002968
_lcd_cmd                    text25       002D18
_lcd_data                   text22       002D0A
_lcd_enable                 text26       002CF2
_lcd_init                   text24       002C6C
_lcd_set_cursor             text23       002CD6
_lcd_string                 text21       00290A
_main                       text0        002410
_memcpy                     text11       002A68
_pad                        text7        0028A4
_prec                       bssBANK0     0000D3
_putch                      text10       002D28
_read_prec_or_width         text4        002760
_sprintf                    text1        002BFC
_strcpy                     text6        002BC2
_vfpfcnvrt                  text3        001E84
_vfprintf                   text2        002B42
_width                      bssBANK0     0000D1
efgtoa@c                    cstackCOMRAM 00005A
efgtoa@d                    cstackBANK0  00008B
efgtoa@e                    cstackBANK0  00008F
efgtoa@f                    cstackCOMRAM 000056
efgtoa@fp                   cstackCOMRAM 000055
efgtoa@g                    cstackBANK0  0000A4
efgtoa@h                    cstackBANK0  000099
efgtoa@i                    cstackBANK0  000097
efgtoa@l                    cstackBANK0  00009D
efgtoa@m                    cstackBANK0  00008D
efgtoa@mode                 cstackBANK0  000089
efgtoa@n                    cstackBANK0  0000A2
efgtoa@ne                   cstackBANK0  000080
efgtoa@nmode                cstackBANK0  00008A
efgtoa@ou                   cstackBANK0  000093
efgtoa@p                    cstackBANK0  000082
efgtoa@pp                   cstackBANK0  000088
efgtoa@sign                 cstackBANK0  0000A1
efgtoa@t                    cstackBANK0  000084
efgtoa@u                    cstackBANK0  0000A8
efgtoa@w                    cstackBANK0  000091
end_of_initialization       cinit        002B38
floorf@F521                 bssCOMRAM    000074
floorf@e                    cstackCOMRAM 00004F
floorf@m                    cstackCOMRAM 00004B
floorf@u                    cstackCOMRAM 000051
floorf@x                    cstackCOMRAM 000041
fputc@c                     cstackCOMRAM 000001
fputc@fp                    cstackCOMRAM 000003
fputs@c                     cstackCOMRAM 00000C
fputs@fp                    cstackCOMRAM 00000B
fputs@i                     cstackCOMRAM 00000D
fputs@s                     cstackCOMRAM 000009
intlevel0                   text         000000
intlevel1                   text         000000
intlevel2                   text         000000
intlevel3                   text         000000
isa$std                     (abs)        000001
isa$xinst                   (abs)        000000
labs@a                      cstackCOMRAM 000001
lcd_cmd@cmd                 cstackCOMRAM 000002
lcd_data@data               cstackCOMRAM 000002
lcd_set_cursor@F2720        dataCOMRAM   00007D
lcd_set_cursor@col          cstackCOMRAM 000003
lcd_set_cursor@positions    cstackCOMRAM 000004
lcd_set_cursor@row          cstackCOMRAM 000006
lcd_string@str              cstackCOMRAM 000003
main@buffer                 cstackBANK0  0000B7
main@ldr_raw_value          cstackBANK0  0000C7
main@lm35_raw_value         cstackBANK0  0000CD
main@lm35_value             cstackBANK0  0000C9
main@pwm_duty_cycle         cstackBANK0  0000CF
memcpy@d                    cstackCOMRAM 000007
memcpy@d1                   cstackCOMRAM 000001
memcpy@n                    cstackCOMRAM 000005
memcpy@s                    cstackCOMRAM 000009
memcpy@s1                   cstackCOMRAM 000003
memcpy@tmp                  cstackCOMRAM 00000B
pad@buf                     cstackCOMRAM 000010
pad@fp                      cstackCOMRAM 00000F
pad@i                       cstackCOMRAM 000015
pad@p                       cstackCOMRAM 000012
read_prec_or_width@ap       cstackCOMRAM 000002
read_prec_or_width@c        cstackCOMRAM 000005
read_prec_or_width@fmt      cstackCOMRAM 000001
read_prec_or_width@n        cstackCOMRAM 000006
sprintf@ap                  cstackCOMRAM 000068
sprintf@f                   cstackCOMRAM 000069
sprintf@fmt                 cstackBANK0  0000B0
sprintf@s                   cstackBANK0  0000AF
stackhi                     (abs)        000000
stacklo                     (abs)        000000
start                       init         007FFC
start_initialization        cinit        002AFE
strcpy@d                    cstackCOMRAM 000005
strcpy@dest                 cstackCOMRAM 000001
strcpy@src                  cstackCOMRAM 000003
vfpfcnvrt@ap                cstackCOMRAM 00005F
vfpfcnvrt@c                 cstackCOMRAM 000065
vfpfcnvrt@convarg           cstackCOMRAM 000061
vfpfcnvrt@cp                cstackCOMRAM 000066
vfpfcnvrt@fmt               cstackCOMRAM 00005E
vfpfcnvrt@fp                cstackCOMRAM 00005D
vfprintf@ap                 cstackBANK0  0000AE
vfprintf@cfmt               cstackCOMRAM 000067
vfprintf@fmt                cstackBANK0  0000AD
vfprintf@fp                 cstackBANK0  0000AC


MODULE INFORMATION

Module		Function		Class		Link	Load	Size
C:\Program Files\Microchip\xc8\v3.00\pic\sources\c99\common\flge.c
		___flge        		CODE           	230C	0000	260

C:\Program Files\Microchip\xc8\v3.00\pic\sources\c99\common\flge.c estimated size: 260

C:\Program Files\Microchip\xc8\v3.00\pic\sources\c99\common\nf_fputc.c
		_fputc         		CODE           	260C	0000	170

C:\Program Files\Microchip\xc8\v3.00\pic\sources\c99\common\nf_fputc.c estimated size: 170

C:\Program Files\Microchip\xc8\v3.00\pic\sources\c99\common\memcpy.c
		_memcpy        		CODE           	2A68	0000	80

C:\Program Files\Microchip\xc8\v3.00\pic\sources\c99\common\memcpy.c estimated size: 80

C:\Program Files\Microchip\xc8\v3.00\pic\sources\c99\common\flneg.c
		___flneg       		CODE           	2C34	0000	56

C:\Program Files\Microchip\xc8\v3.00\pic\sources\c99\common\flneg.c estimated size: 56

C:\Program Files\Microchip\xc8\v3.00\pic\sources\c99\common\__fpclassifyf.c
		___fpclassifyf 		CODE           	250E	0000	254

C:\Program Files\Microchip\xc8\v3.00\pic\sources\c99\common\__fpclassifyf.c estimated size: 254

C:\Program Files\Microchip\xc8\v3.00\pic\sources\c99\common\nf_sprintf.c
		_sprintf       		CODE           	2BFC	0000	56

C:\Program Files\Microchip\xc8\v3.00\pic\sources\c99\common\nf_sprintf.c estimated size: 56

pwm.c
		_PWM_control   		CODE           	2A14	0000	84
		_PWM_init      		CODE           	2C9A	0000	30

pwm.c estimated size: 114

adc.c
		_ADC_read      		CODE           	29BE	0000	86
		_ADC_init      		CODE           	2CB8	0000	30
		_ADC_read_temp 		CODE           	2804	0000	160

adc.c estimated size: 276

C:\Program Files\Microchip\xc8\v3.00\pic\sources\c99\common\floorf.c
		_floorf        		CODE           	1C72	0000	530

C:\Program Files\Microchip\xc8\v3.00\pic\sources\c99\common\floorf.c estimated size: 530

C:\Program Files\Microchip\xc8\v3.00\pic\sources\c99\common\putch.c
		_putch         		CODE           	2D28	0000	2

C:\Program Files\Microchip\xc8\v3.00\pic\sources\c99\common\putch.c estimated size: 2

C:\Program Files\Microchip\xc8\v3.00\pic\sources\c99\common\fleq.c
		___fleq        		CODE           	26B6	0000	170

C:\Program Files\Microchip\xc8\v3.00\pic\sources\c99\common\fleq.c estimated size: 170

C:\Program Files\Microchip\xc8\v3.00\pic\sources\c99\common\sprcmul.c
		___flmul       		CODE           	14BC	0000	1062

C:\Program Files\Microchip\xc8\v3.00\pic\sources\c99\common\sprcmul.c estimated size: 1062

C:\Program Files\Microchip\xc8\v3.00\pic\sources\c99\common\sprcdiv.c
		___fldiv       		CODE           	18E2	0000	912

C:\Program Files\Microchip\xc8\v3.00\pic\sources\c99\common\sprcdiv.c estimated size: 912

shared
		__initialization		CODE           	2AFE	0000	58

shared estimated size: 58

C:\Program Files\Microchip\xc8\v3.00\pic\sources\c99\common\xxtofl.c
		___xxtofl      		CODE           	2052	0000	436

C:\Program Files\Microchip\xc8\v3.00\pic\sources\c99\common\xxtofl.c estimated size: 436

C:\Program Files\Microchip\xc8\v3.00\pic\sources\c99\common\nf_fputs.c
		_fputs         		CODE           	2B82	0000	64

C:\Program Files\Microchip\xc8\v3.00\pic\sources\c99\common\nf_fputs.c estimated size: 64

C:\Program Files\Microchip\xc8\v3.00\pic\sources\c99\common\strcpy.c
		_strcpy        		CODE           	2BC2	0000	58

C:\Program Files\Microchip\xc8\v3.00\pic\sources\c99\common\strcpy.c estimated size: 58

lcd.c
		_lcd_cmd       		CODE           	2D18	0000	14
		_lcd_data      		CODE           	2D0A	0000	14
		_lcd_set_cursor		CODE           	2CD6	0000	28
		_lcd_enable    		CODE           	2CF2	0000	24
		_lcd_string    		CODE           	290A	0000	94
		_lcd_init      		CODE           	2C6C	0000	46

lcd.c estimated size: 220

C:\Program Files\Microchip\xc8\v3.00\pic\sources\c99\common\fltol.c
		___fltol       		CODE           	2206	0000	262

C:\Program Files\Microchip\xc8\v3.00\pic\sources\c99\common\fltol.c estimated size: 262

C:\Program Files\Microchip\xc8\v3.00\pic\sources\c99\common\labs.c
		_labs          		CODE           	2968	0000	86

C:\Program Files\Microchip\xc8\v3.00\pic\sources\c99\common\labs.c estimated size: 86

main.c
		_main          		CODE           	2410	0000	254

main.c estimated size: 254

C:\Program Files\Microchip\xc8\v3.00\pic\sources\c99\common\doprnt.c
		_read_prec_or_width		CODE           	2760	0000	164
		_vfpfcnvrt     		CODE           	1E84	0000	462
		_efgtoa        		CODE           	0622	0000	2532
		_pad           		CODE           	28A4	0000	102
		_vfprintf      		CODE           	2B42	0000	64

C:\Program Files\Microchip\xc8\v3.00\pic\sources\c99\common\doprnt.c estimated size: 3324

C:\Program Files\Microchip\xc8\v3.00\pic\sources\c99\common\sprcadd.c
		___flsub       		CODE           	2AB8	0000	70
		___fladd       		CODE           	1006	0000	1206

C:\Program Files\Microchip\xc8\v3.00\pic\sources\c99\common\sprcadd.c estimated size: 1276

