Microchip MPLAB XC8 Compiler V3.00

Linker command line:

-W-3 \
  --edf=C:/Program Files/Microchip/MPLABX/v6.25/packs/Microchip/PIC18Fxxxx_DFP/1.7.171/xc8\pic\dat\20250117225543_en.msgs \
  -cn -h+dist/default/production\FireCatcher.X.production.sym \
  --cmf=dist/default/production\FireCatcher.X.production.cmf -z -Q18F4520 \
  -oC:\Users\adria\AppData\Local\Temp\xcAs4lo.\driver_tmp_3.o \
  --defsym=__MPLAB_BUILD=1 --fixupoverflow=error \
  -Mdist/default/production/FireCatcher.X.production.map \
  --md=C:\Users\adria\AppData\Local\Temp\xcAs4lo.\driver_tmp_0.dat -E1 \
  -ver=XC8 Compiler -ACODE=00h-07FFFh -ACONST=00h-07FFFh \
  -ASMALLCONST=0600h-06FFhx122 -AMEDIUMCONST=0600h-07FFFh -ACOMRAM=01h-07Fh \
  -AABS1=00h-05FFh -ABIGRAM=01h-05FFh -ARAM=080h-0FFh,0100h-01FFhx5 \
  -ABANK0=080h-0FFh -ABANK1=0100h-01FFh -ABANK2=0200h-02FFh \
  -ABANK3=0300h-03FFh -ABANK4=0400h-04FFh -ABANK5=0500h-05FFh \
  -ASFR=0F80h-0FFFh -ABIGSFR=0F80h-0FFFh -ACONFIG=0300000h-030000Dh \
  -AIDLOC=0200000h-0200007h -AEEDATA=0F00000h-0F000FFh -peeprom_data=EEDATA \
  -preset_vec=00h,intcode=8h,intcodelo=18h,sivt_lo,sivt_hi=CODE \
  -ppowerup=CODE,init -pramtop=0600h -psmallconst=SMALLCONST \
  -pmediumconst=MEDIUMCONST -pconst=CONST -AFARRAM=00h-00h \
  -prdata=COMRAM,nvrram=COMRAM,nvbit=COMRAM,rbss=COMRAM,rbit=COMRAM \
  -pfarbss=FARRAM,fardata=FARRAM,nvFARRAM=FARRAM \
  -pintsave_regs=BIGRAM,bigbss=BIGRAM,bigdata=BIGRAM -pbss=RAM \
  -pidata=CODE,irdata=CODE,ibigdata=CODE,ifardata=CODE -prparam=COMRAM \
  C:\Users\adria\AppData\Local\Temp\xcAs4lo.\driver_tmp_14.o \
  dist/default/production\FireCatcher.X.production.o 

Object code version is 3.11

Machine type is 18F4520



                Name                               Link     Load   Length Selector   Space Scale
C:\Users\adria\AppData\Local\Temp\xcAs4lo.\driver_tmp_14.o
                config                           300000   300000        E        0       4
                init                                  E        E        4        4       0
                reset_vec                             0        0        4        0       0
dist/default/production\FireCatcher.X.production.o
                intcode                               8        8        6        4       0
                config                           300000   300000        E        0       4
                temp                                 7F       7F        1        1       1
                smallconst                          600      600       94      300       0
                intcode_body                       3074     3074       88      34A       0
                text43                             36C2     36C2        E      34A       0
                text42                             332E     332E       52      34A       0
                text41                             1E50     1E50      390      34A       0
                text40                             1A2A     1A2A      426      34A       0
                text39                             2638     2638      1B4      34A       0
                text38                             30FC     30FC       6C      34A       0
                text37                             2FD4     2FD4       A0      34A       0
                text36                             35EC     35EC       2C      34A       0
                text35                             3618     3618       24      34A       0
                text34                             322C     322C       58      34A       0
                text33                             32DA     32DA       54      34A       0
                text32                             363C     363C       1E      34A       0
                text31                             368E     368E       18      34A       0
                text30                             36B4     36B4        E      34A       0
                text29                             3676     3676       18      34A       0
                text28                             35BE     35BE       2E      34A       0
                text27                             365A     365A       1C      34A       0
                text26                             36A6     36A6        E      34A       0
                text25                             31CE     31CE       5E      34A       0
                text24                             2C6C     2C6C       C2      34A       0
                text23                             2D2E     2D2E       AE      34A       0
                text22                             358A     358A       34      34A       0
                text21                             36D2     36D2        2      34A       0
                text20                             2E86     2E86       AA      34A       0
                text19                             34A0     34A0       40      34A       0
                text18                             3168     3168       66      34A       0
                text17                             27EC     27EC      178      34A       0
                text16                             2DDC     2DDC       AA      34A       0
                text15                             2A6A     2A6A      104      34A       0
                text14                             3552     3552       38      34A       0
                text13                             1574     1574      4B6      34A       0
                text12                             341A     341A       46      34A       0
                text11                             2964     2964      106      34A       0
                text10                             2B6E     2B6E       FE      34A       0
                text9                              2426     2426      212      34A       0
                text8                              3284     3284       56      34A       0
                text7                              3380     3380       50      34A       0
                text6                              34E0     34E0       3A      34A       0
                text5                               694      694      9E4      34A       0
                text4                              2F30     2F30       A4      34A       0
                text3                              21E0     21E0      246      34A       0
                text2                              3460     3460       40      34A       0
                text1                              351A     351A       38      34A       0
                text0                              1078     1078      4FC      34A       0
                cstackCOMRAM                          1        1       75        1       1
                cstackBANK0                          80       80       4E       80       1
                bssBANK1                            100      100       50      100       1
                bssBANK0                             CE       CE       18       80       1
                dataCOMRAM                           7D       7D        2        1       1
                bssCOMRAM                            76       76        7        1       1
                cinit                              33D0     33D0       4A      34A       0
                idataCOMRAM                        36D0     36D0        2      34A       0

TOTAL           Name                               Link     Load   Length     Space
        CLASS   CODE           
                intcode                               8        8        6         0
                init                                  E        E        4         0
                reset_vec                             0        0        4         0
                intcode_body                       3074     3074       88         0
                text43                             36C2     36C2        E         0
                text42                             332E     332E       52         0
                text41                             1E50     1E50      390         0
                text40                             1A2A     1A2A      426         0
                text39                             2638     2638      1B4         0
                text38                             30FC     30FC       6C         0
                text37                             2FD4     2FD4       A0         0
                text36                             35EC     35EC       2C         0
                text35                             3618     3618       24         0
                text34                             322C     322C       58         0
                text33                             32DA     32DA       54         0
                text32                             363C     363C       1E         0
                text31                             368E     368E       18         0
                text30                             36B4     36B4        E         0
                text29                             3676     3676       18         0
                text28                             35BE     35BE       2E         0
                text27                             365A     365A       1C         0
                text26                             36A6     36A6        E         0
                text25                             31CE     31CE       5E         0
                text24                             2C6C     2C6C       C2         0
                text23                             2D2E     2D2E       AE         0
                text22                             358A     358A       34         0
                text21                             36D2     36D2        2         0
                text20                             2E86     2E86       AA         0
                text19                             34A0     34A0       40         0
                text18                             3168     3168       66         0
                text17                             27EC     27EC      178         0
                text16                             2DDC     2DDC       AA         0
                text15                             2A6A     2A6A      104         0
                text14                             3552     3552       38         0
                text13                             1574     1574      4B6         0
                text12                             341A     341A       46         0
                text11                             2964     2964      106         0
                text10                             2B6E     2B6E       FE         0
                text9                              2426     2426      212         0
                text8                              3284     3284       56         0
                text7                              3380     3380       50         0
                text6                              34E0     34E0       3A         0
                text5                               694      694      9E4         0
                text4                              2F30     2F30       A4         0
                text3                              21E0     21E0      246         0
                text2                              3460     3460       40         0
                text1                              351A     351A       38         0
                text0                              1078     1078      4FC         0
                cinit                              33D0     33D0       4A         0
                idataCOMRAM                        36D0     36D0        2         0

        CLASS   CONST          

        CLASS   SMALLCONST     
                smallconst                          600      600       94         0

        CLASS   MEDIUMCONST    

        CLASS   COMRAM         
                temp                                 7F       7F        1         1
                cstackCOMRAM                          1        1       75         1
                dataCOMRAM                           7D       7D        2         1
                bssCOMRAM                            76       76        7         1

        CLASS   ABS1           

        CLASS   BIGRAM         

        CLASS   RAM            

        CLASS   BANK0          
                cstackBANK0                          80       80       4E         1
                bssBANK0                             CE       CE       18         1

        CLASS   BANK1          
                bssBANK1                            100      100       50         1

        CLASS   BANK2          

        CLASS   BANK3          

        CLASS   BANK4          

        CLASS   BANK5          

        CLASS   SFR            

        CLASS   BIGSFR         

        CLASS   CONFIG         
                config                           300000   300000        E         4

        CLASS   IDLOC          

        CLASS   EEDATA         

        CLASS   FARRAM         

        CLASS   HEAP           

        CLASS   STACK          



SEGMENTS        Name                           Load    Length   Top    Selector   Space  Class

                reset_vec                      000000  000004  000004         0       0  CODE    
                cstackCOMRAM                   000001  00007F  000080         1       1  COMRAM  
                intcode                        000008  00000A  000012         4       0  CODE    
                cstackBANK0                    000080  000066  0000E6        80       1  BANK0   
                bssBANK1                       000100  000050  000150       100       1  BANK1   
                smallconst                     000600  000094  000694       300       0  SMALLCON
                text5                          000694  003040  0036D4       34A       0  CODE    


UNUSED ADDRESS RANGES

        Name                Unused          Largest block    Delta
        BANK0            0000E6-0000FF               1A
        BANK1            000150-0001FF               B0
        BANK2            000200-0002FF              100
        BANK3            000300-0003FF              100
        BANK4            000400-0004FF              100
        BANK5            000500-0005FF              100
        BIGRAM           0000E6-0000FF               1A
                         000150-0005FF              4B0
        BIGSFR           000F80-000FFF               80
        CODE             000004-000007                4
                         000012-0005FF              5EE
                         0036D4-007FFF             492C
        CONST            000004-000007                4
                         000012-0005FF              5EE
                         0036D4-007FFF             492C
        EEDATA           F00000-F000FF              100
        IDLOC            200000-200007                8
        MEDIUMCONST      0036D4-007FFF             492C
        RAM              0000E6-0000FF               1A
                         000150-0005FF              100
        SFR              000F80-000FFF               80
        SMALLCONST       0036D4-007FFF              100

                                  Symbol Table

?_ADC_read                   cstackCOMRAM 000001
?_ADC_read_lumi              cstackCOMRAM 000041
?_ADC_read_temp              cstackCOMRAM 000041
?___awdiv                    cstackCOMRAM 000001
?___awmod                    cstackCOMRAM 000001
?___fladd                    cstackCOMRAM 000001
?___fldiv                    cstackCOMRAM 000028
?___flmul                    cstackCOMRAM 00000F
?___flneg                    cstackCOMRAM 000001
?___flsub                    cstackCOMRAM 000028
?___fltol                    cstackCOMRAM 000001
?___fpclassifyf              cstackCOMRAM 000001
?___xxtofl                   cstackCOMRAM 000001
?_abs                        cstackCOMRAM 000007
?_floorf                     cstackCOMRAM 000041
?_labs                       cstackCOMRAM 000001
?_read_prec_or_width         cstackCOMRAM 000001
?_sprintf                    cstackBANK0  0000AF
?_vfprintf                   cstackBANK0  0000AC
ADC_read@channel             cstackCOMRAM 000005
ADC_read_lumi@value          cstackCOMRAM 000041
ADC_read_temp@value          cstackCOMRAM 000041
DHT11_ReadData@data          cstackCOMRAM 000002
DHT11_ReadData@i             cstackCOMRAM 000001
PWM_control@value            cstackCOMRAM 000001
_ADCON0                      (abs)        000FC2
_ADCON0bits                  (abs)        000FC2
_ADCON1                      (abs)        000FC1
_ADCON2                      (abs)        000FC0
_ADC_init                    text43       0036C2
_ADC_read                    text42       00332E
_ADC_read_lumi               text38       0030FC
_ADC_read_temp               text37       002FD4
_ADC_read_temp$1688          cstackCOMRAM 000045
_ADRESH                      (abs)        000FC4
_ADRESL                      (abs)        000FC3
_CCP1CONbits                 (abs)        000FBD
_CCPR1L                      (abs)        000FBE
_DHT11_CheckResponse         text36       0035EC
_DHT11_Init                  text35       003618
_DHT11_ReadData              text34       00322C
_INTCONbits                  (abs)        000FF2
_LATAbits                    (abs)        000F89
_OSCCON                      (abs)        000FD3
_PIE1bits                    (abs)        000F9D
_PIR1bits                    (abs)        000F9E
_PORTAbits                   (abs)        000F80
_PORTB                       (abs)        000F81
_PORTDbits                   (abs)        000F83
_PR2                         (abs)        000FCB
_PWM_control                 text33       0032DA
_PWM_init                    text32       00363C
_T0CON                       (abs)        000FD5
_T2CONbits                   (abs)        000FCA
_TMR0H                       (abs)        000FD7
_TMR0L                       (abs)        000FD6
_TRISA                       (abs)        000F92
_TRISAbits                   (abs)        000F92
_TRISB                       (abs)        000F93
_TRISCbits                   (abs)        000F94
_TRISD1                      (abs)        007CA9
_TRISD7                      (abs)        007CAF
__HRAM                       (abs)        000000
__H__absolute__              __absolute__ 000000
__Habs1                      abs1         000000
__Hbank0                     bank0        000000
__Hbank1                     bank1        000000
__Hbank2                     bank2        000000
__Hbank3                     bank3        000000
__Hbank4                     bank4        000000
__Hbank5                     bank5        000000
__Hbigbss                    bigbss       000000
__Hbigdata                   bigdata      000000
__Hbigram                    bigram       000000
__Hbigsfr                    bigsfr       000000
__Hbss                       bss          000000
__HbssBANK0                  bssBANK0     000000
__HbssBANK1                  bssBANK1     000000
__HbssCOMRAM                 bssCOMRAM    000000
__Hcinit                     cinit        000000
__Hclrtext                   clrtext      000000
__Hcomram                    comram       000000
__Hconfig                    config       30000E
__Hconst                     const        000000
__HcstackBANK0               cstackBANK0  000000
__HcstackCOMRAM              cstackCOMRAM 000000
__Hdata                      data         000000
__HdataCOMRAM                dataCOMRAM   000000
__Heeprom_data               eeprom_data  000000
__Hfarbss                    farbss       000000
__Hfardata                   fardata      000000
__Hheap                      heap         000000
__Hibigdata                  ibigdata     000000
__Hidata                     idata        000000
__HidataCOMRAM               idataCOMRAM  000000
__Hidloc                     idloc        000000
__Hifardata                  ifardata     000000
__Hinit                      init         000012
__Hintcode                   intcode      00000E
__Hintcode_body              intcode_body 000000
__Hintcodelo                 intcodelo    000018
__Hintentry                  intentry     000000
__Hintret                    intret       000000
__Hintsave_regs              intsave_regs 000000
__Hirdata                    irdata       000000
__Hmediumconst               mediumconst  000000
__HnvFARRAM                  nvFARRAM     000000
__Hnvbit                     nvbit        000000
__Hnvrram                    nvrram       000000
__Hparam                     rparam       000000
__Hpowerup                   powerup      000000
__Hram                       ram          000000
__Hramtop                    ramtop       000600
__Hrbit                      rbit         000000
__Hrbss                      rbss         000000
__Hrdata                     rdata        000000
__Hreset_vec                 reset_vec    000004
__Hrparam                    rparam       000000
__Hsfr                       sfr          000000
__Hsivt_hi                   sivt_hi      000000
__Hsivt_lo                   sivt_lo      000018
__Hsmallconst                smallconst   000694
__Hspace_0                   (abs)        0036D4
__Hspace_1                   (abs)        000150
__Hspace_2                   (abs)        000000
__Hspace_4                   (abs)        60000E
__Hstack                     stack        000000
__Hstruct                    struct       000000
__Htemp                      temp         000080
__Htext                      text         000000
__Htext0                     text0        000000
__Htext1                     text1        000000
__Htext10                    text10       000000
__Htext11                    text11       000000
__Htext12                    text12       000000
__Htext13                    text13       000000
__Htext14                    text14       000000
__Htext15                    text15       000000
__Htext16                    text16       000000
__Htext17                    text17       000000
__Htext18                    text18       000000
__Htext19                    text19       000000
__Htext2                     text2        000000
__Htext20                    text20       000000
__Htext21                    text21       000000
__Htext22                    text22       000000
__Htext23                    text23       000000
__Htext24                    text24       000000
__Htext25                    text25       000000
__Htext26                    text26       000000
__Htext27                    text27       000000
__Htext28                    text28       000000
__Htext29                    text29       000000
__Htext3                     text3        000000
__Htext30                    text30       000000
__Htext31                    text31       000000
__Htext32                    text32       000000
__Htext33                    text33       000000
__Htext34                    text34       000000
__Htext35                    text35       000000
__Htext36                    text36       000000
__Htext37                    text37       000000
__Htext38                    text38       000000
__Htext39                    text39       000000
__Htext4                     text4        000000
__Htext40                    text40       000000
__Htext41                    text41       000000
__Htext42                    text42       000000
__Htext43                    text43       000000
__Htext5                     text5        000000
__Htext6                     text6        000000
__Htext7                     text7        000000
__Htext8                     text8        000000
__Htext9                     text9        000000
__LRAM                       (abs)        000001
__L__absolute__              __absolute__ 000000
__Labs1                      abs1         000000
__Lbank0                     bank0        000000
__Lbank1                     bank1        000000
__Lbank2                     bank2        000000
__Lbank3                     bank3        000000
__Lbank4                     bank4        000000
__Lbank5                     bank5        000000
__Lbigbss                    bigbss       000000
__Lbigdata                   bigdata      000000
__Lbigram                    bigram       000000
__Lbigsfr                    bigsfr       000000
__Lbss                       bss          000000
__LbssBANK0                  bssBANK0     000000
__LbssBANK1                  bssBANK1     000000
__LbssCOMRAM                 bssCOMRAM    000000
__Lcinit                     cinit        000000
__Lclrtext                   clrtext      000000
__Lcomram                    comram       000000
__Lconfig                    config       000000
__Lconst                     const        000000
__LcstackBANK0               cstackBANK0  000000
__LcstackCOMRAM              cstackCOMRAM 000000
__Ldata                      data         000000
__LdataCOMRAM                dataCOMRAM   000000
__Leeprom_data               eeprom_data  000000
__Lfarbss                    farbss       000000
__Lfardata                   fardata      000000
__Lheap                      heap         000000
__Libigdata                  ibigdata     000000
__Lidata                     idata        000000
__LidataCOMRAM               idataCOMRAM  000000
__Lidloc                     idloc        000000
__Lifardata                  ifardata     000000
__Linit                      init         00000E
__Lintcode                   intcode      000008
__Lintcode_body              intcode_body 000000
__Lintcodelo                 intcodelo    000018
__Lintentry                  intentry     000000
__Lintret                    intret       000000
__Lintsave_regs              intsave_regs 000000
__Lirdata                    irdata       000000
__Lmediumconst               mediumconst  000000
__LnvFARRAM                  nvFARRAM     000000
__Lnvbit                     nvbit        000000
__Lnvrram                    nvrram       000000
__Lparam                     rparam       000000
__Lpowerup                   powerup      000000
__Lram                       ram          000000
__Lramtop                    ramtop       000600
__Lrbit                      rbit         000000
__Lrbss                      rbss         000000
__Lrdata                     rdata        000000
__Lreset_vec                 reset_vec    000000
__Lrparam                    rparam       000000
__Lsfr                       sfr          000000
__Lsivt_hi                   sivt_hi      000000
__Lsivt_lo                   sivt_lo      000018
__Lsmallconst                smallconst   000600
__Lspace_0                   (abs)        000000
__Lspace_1                   (abs)        000000
__Lspace_2                   (abs)        000000
__Lspace_4                   (abs)        000000
__Lstack                     stack        000000
__Lstruct                    struct       000000
__Ltemp                      temp         00007F
__Ltext                      text         000000
__Ltext0                     text0        000000
__Ltext1                     text1        000000
__Ltext10                    text10       000000
__Ltext11                    text11       000000
__Ltext12                    text12       000000
__Ltext13                    text13       000000
__Ltext14                    text14       000000
__Ltext15                    text15       000000
__Ltext16                    text16       000000
__Ltext17                    text17       000000
__Ltext18                    text18       000000
__Ltext19                    text19       000000
__Ltext2                     text2        000000
__Ltext20                    text20       000000
__Ltext21                    text21       000000
__Ltext22                    text22       000000
__Ltext23                    text23       000000
__Ltext24                    text24       000000
__Ltext25                    text25       000000
__Ltext26                    text26       000000
__Ltext27                    text27       000000
__Ltext28                    text28       000000
__Ltext29                    text29       000000
__Ltext3                     text3        000000
__Ltext30                    text30       000000
__Ltext31                    text31       000000
__Ltext32                    text32       000000
__Ltext33                    text33       000000
__Ltext34                    text34       000000
__Ltext35                    text35       000000
__Ltext36                    text36       000000
__Ltext37                    text37       000000
__Ltext38                    text38       000000
__Ltext39                    text39       000000
__Ltext4                     text4        000000
__Ltext40                    text40       000000
__Ltext41                    text41       000000
__Ltext42                    text42       000000
__Ltext43                    text43       000000
__Ltext5                     text5        000000
__Ltext6                     text6        000000
__Ltext7                     text7        000000
__Ltext8                     text8        000000
__Ltext9                     text9        000000
__S0                         (abs)        0036D4
__S1                         (abs)        000150
__S4                         (abs)        000000
__S5                         (abs)        000000
___awdiv                     text24       002C6C
___awdiv@counter             cstackCOMRAM 000005
___awdiv@dividend            cstackCOMRAM 000001
___awdiv@divisor             cstackCOMRAM 000003
___awdiv@quotient            cstackCOMRAM 000007
___awdiv@sign                cstackCOMRAM 000006
___awmod                     text23       002D2E
___awmod@counter             cstackCOMRAM 000005
___awmod@dividend            cstackCOMRAM 000001
___awmod@divisor             cstackCOMRAM 000003
___awmod@sign                cstackCOMRAM 000006
___fladd                     text13       001574
___fladd@a                   cstackCOMRAM 000005
___fladd@aexp                cstackCOMRAM 00000E
___fladd@b                   cstackCOMRAM 000001
___fladd@bexp                cstackCOMRAM 00000F
___fladd@grs                 cstackCOMRAM 000010
___fladd@signs               cstackCOMRAM 00000D
___fldiv                     text41       001E50
___fldiv@a                   cstackCOMRAM 00002C
___fldiv@aexp                cstackCOMRAM 000040
___fldiv@b                   cstackCOMRAM 000028
___fldiv@bexp                cstackCOMRAM 00003F
___fldiv@grs                 cstackCOMRAM 00003B
___fldiv@new_exp             cstackCOMRAM 000039
___fldiv@rem                 cstackCOMRAM 000034
___fldiv@sign                cstackCOMRAM 000038
___fleq                      text16       002DDC
___fleq@ff1                  cstackCOMRAM 000001
___fleq@ff2                  cstackCOMRAM 000005
___flge                      text15       002A6A
___flge@ff1                  cstackCOMRAM 000028
___flge@ff2                  cstackCOMRAM 00002C
___flmul                     text40       001A2A
___flmul@a                   cstackCOMRAM 000013
___flmul@aexp                cstackCOMRAM 000020
___flmul@b                   cstackCOMRAM 00000F
___flmul@bexp                cstackCOMRAM 000021
___flmul@grs                 cstackCOMRAM 00001C
___flmul@prod                cstackCOMRAM 000022
___flmul@sign                cstackCOMRAM 00001B
___flmul@temp                cstackCOMRAM 000026
___flneg                     text14       003552
___flneg@f1                  cstackCOMRAM 000001
___flsub                     text12       00341A
___flsub@a                   cstackCOMRAM 00002C
___flsub@b                   cstackCOMRAM 000028
___fltol                     text11       002964
___fltol@exp1                cstackCOMRAM 00000A
___fltol@f1                  cstackCOMRAM 000001
___fltol@sign1               cstackCOMRAM 000009
___fpclassifyf               text10       002B6E
___fpclassifyf@F465          bssCOMRAM    000076
___fpclassifyf@e             cstackCOMRAM 000009
___fpclassifyf@u             cstackCOMRAM 00000B
___fpclassifyf@x             cstackCOMRAM 000001
___heap_hi                   (abs)        000000
___heap_lo                   (abs)        000000
___inthi_sp                  stack        000000
___inthi_stack_hi            stack        000000
___inthi_stack_lo            stack        000000
___intlo_sp                  stack        000000
___intlo_stack_hi            stack        000000
___intlo_stack_lo            stack        000000
___param_bank                (abs)        000000
___rparam_used               (abs)        000001
___sp                        stack        000000
___stack_hi                  stack        000000
___stack_lo                  stack        000000
___xxtofl                    text39       002638
___xxtofl@arg                cstackCOMRAM 00000B
___xxtofl@exp                cstackCOMRAM 00000A
___xxtofl@sign               cstackCOMRAM 000009
___xxtofl@val                cstackCOMRAM 000001
__accesstop                  (abs)        000080
__activetblptr               (abs)        000002
__end_of_ADC_init            text43       0036D0
__end_of_ADC_read            text42       003380
__end_of_ADC_read_lumi       text38       003168
__end_of_ADC_read_temp       text37       003074
__end_of_DHT11_CheckResponse text36       003618
__end_of_DHT11_Init          text35       00363C
__end_of_DHT11_ReadData      text34       003284
__end_of_PWM_control         text33       00332E
__end_of_PWM_init            text32       00365A
__end_of___awdiv             text24       002D2E
__end_of___awmod             text23       002DDC
__end_of___fladd             text13       001A2A
__end_of___fldiv             text41       0021E0
__end_of___fleq              text16       002E86
__end_of___flge              text15       002B6E
__end_of___flmul             text40       001E50
__end_of___flneg             text14       00358A
__end_of___flsub             text12       003460
__end_of___fltol             text11       002A6A
__end_of___fpclassifyf       text10       002C6C
__end_of___xxtofl            text39       0027EC
__end_of__initialization     cinit        00340C
__end_of_abs                 text22       0035BE
__end_of_dtoa                text17       002964
__end_of_efgtoa              text5        001078
__end_of_floorf              text9        002638
__end_of_fputc               text20       002F30
__end_of_fputs               text19       0034E0
__end_of_isr                 intcode_body 0030FC
__end_of_labs                text8        0032DA
__end_of_lcd_clear           text29       00368E
__end_of_lcd_cmd             text30       0036C2
__end_of_lcd_data            text26       0036B4
__end_of_lcd_enable          text31       0036A6
__end_of_lcd_init            text28       0035EC
__end_of_lcd_set_cursor      text27       003676
__end_of_lcd_string          text25       00322C
__end_of_main                text0        001574
__end_of_memcpy              text7        0033D0
__end_of_pad                 text18       0031CE
__end_of_putch               text21       0036D4
__end_of_read_prec_or_width  text4        002FD4
__end_of_sprintf             text1        003552
__end_of_strcpy              text6        00351A
__end_of_vfpfcnvrt           text3        002426
__end_of_vfprintf            text2        0034A0
__initialization             cinit        0033D0
__mediumconst                smallconst   000600
__pbssBANK0                  bssBANK0     0000CE
__pbssBANK1                  bssBANK1     000100
__pbssCOMRAM                 bssCOMRAM    000076
__pcinit                     cinit        0033D0
__pcstackBANK0               cstackBANK0  000080
__pcstackCOMRAM              cstackCOMRAM 000001
__pdataCOMRAM                dataCOMRAM   00007D
__pidataCOMRAM               idataCOMRAM  0036D0
__pintcode                   intcode      000008
__pintcode_body              intcode_body 003074
__psmallconst                smallconst   000600
__ptext0                     text0        001078
__ptext1                     text1        00351A
__ptext10                    text10       002B6E
__ptext11                    text11       002964
__ptext12                    text12       00341A
__ptext13                    text13       001574
__ptext14                    text14       003552
__ptext15                    text15       002A6A
__ptext16                    text16       002DDC
__ptext17                    text17       0027EC
__ptext18                    text18       003168
__ptext19                    text19       0034A0
__ptext2                     text2        003460
__ptext20                    text20       002E86
__ptext21                    text21       0036D2
__ptext22                    text22       00358A
__ptext23                    text23       002D2E
__ptext24                    text24       002C6C
__ptext25                    text25       0031CE
__ptext26                    text26       0036A6
__ptext27                    text27       00365A
__ptext28                    text28       0035BE
__ptext29                    text29       003676
__ptext3                     text3        0021E0
__ptext30                    text30       0036B4
__ptext31                    text31       00368E
__ptext32                    text32       00363C
__ptext33                    text33       0032DA
__ptext34                    text34       00322C
__ptext35                    text35       003618
__ptext36                    text36       0035EC
__ptext37                    text37       002FD4
__ptext38                    text38       0030FC
__ptext39                    text39       002638
__ptext4                     text4        002F30
__ptext40                    text40       001A2A
__ptext41                    text41       001E50
__ptext42                    text42       00332E
__ptext43                    text43       0036C2
__ptext5                     text5        000694
__ptext6                     text6        0034E0
__ptext7                     text7        003380
__ptext8                     text8        003284
__ptext9                     text9        002426
__ramtop                     ramtop       000600
__smallconst                 smallconst   000600
_abs                         text22       00358A
_dbuf                        bssBANK1     000100
_dtoa                        text17       0027EC
_dtoa$1349                   cstackCOMRAM 00001A
_efgtoa                      text5        000694
_efgtoa$1380                 cstackBANK0  000086
_flag_analog_value           bssBANK0     0000E4
_flags                       bssCOMRAM    00007C
_floorf                      text9        002426
_flow                        bssBANK0     0000E2
_fputc                       text20       002E86
_fputs                       text19       0034A0
_isr                         intcode      000008
_labs                        text8        003284
_lcd_clear                   text29       003676
_lcd_cmd                     text30       0036B4
_lcd_data                    text26       0036A6
_lcd_enable                  text31       00368E
_lcd_init                    text28       0035BE
_lcd_set_cursor              text27       00365A
_lcd_string                  text25       0031CE
_ldr_raw_value               bssBANK0     0000E0
_ldr_value                   bssBANK0     0000D6
_lm35_raw_value              bssBANK0     0000DE
_lm35_value                  bssBANK0     0000D2
_main                        text0        001078
_memcpy                      text7        003380
_pad                         text18       003168
_prec                        bssBANK0     0000DC
_putch                       text21       0036D2
_read_prec_or_width          text4        002F30
_sprintf                     text1        00351A
_strcpy                      text6        0034E0
_timer                       bssCOMRAM    00007A
_vfpfcnvrt                   text3        0021E0
_vfprintf                    text2        003460
_width                       bssBANK0     0000DA
abs@a                        cstackCOMRAM 000007
btemp                        temp         00007F
dtoa@d                       cstackCOMRAM 000018
dtoa@fp                      cstackCOMRAM 000017
dtoa@i                       cstackCOMRAM 000021
dtoa@p                       cstackCOMRAM 00001E
dtoa@s                       cstackCOMRAM 000020
dtoa@w                       cstackCOMRAM 00001C
efgtoa@c                     cstackCOMRAM 00005A
efgtoa@d                     cstackBANK0  00008B
efgtoa@e                     cstackBANK0  00008F
efgtoa@f                     cstackCOMRAM 000056
efgtoa@fp                    cstackCOMRAM 000055
efgtoa@g                     cstackBANK0  0000A4
efgtoa@h                     cstackBANK0  000099
efgtoa@i                     cstackBANK0  000097
efgtoa@l                     cstackBANK0  00009D
efgtoa@m                     cstackBANK0  00008D
efgtoa@mode                  cstackBANK0  000089
efgtoa@n                     cstackBANK0  0000A2
efgtoa@ne                    cstackBANK0  000080
efgtoa@nmode                 cstackBANK0  00008A
efgtoa@ou                    cstackBANK0  000093
efgtoa@p                     cstackBANK0  000082
efgtoa@pp                    cstackBANK0  000088
efgtoa@sign                  cstackBANK0  0000A1
efgtoa@t                     cstackBANK0  000084
efgtoa@u                     cstackBANK0  0000A8
efgtoa@w                     cstackBANK0  000091
end_of_initialization        cinit        00340C
floorf@F521                  bssBANK0     0000CE
floorf@e                     cstackCOMRAM 00004F
floorf@m                     cstackCOMRAM 00004B
floorf@u                     cstackCOMRAM 000051
floorf@x                     cstackCOMRAM 000041
fputc@c                      cstackCOMRAM 000001
fputc@fp                     cstackCOMRAM 000003
fputs@c                      cstackCOMRAM 00000C
fputs@fp                     cstackCOMRAM 00000B
fputs@i                      cstackCOMRAM 00000D
fputs@s                      cstackCOMRAM 000009
int$flags                    temp         00007F
int_func                     intcode_body 003074
intlevel0                    text         000000
intlevel1                    text         000000
intlevel2                    text         000000
intlevel3                    text         000000
isa$std                      (abs)        000001
isa$xinst                    (abs)        000000
labs@a                       cstackCOMRAM 000001
lcd_cmd@cmd                  cstackCOMRAM 000002
lcd_data@data                cstackCOMRAM 000002
lcd_set_cursor@F2716         dataCOMRAM   00007D
lcd_set_cursor@col           cstackCOMRAM 000003
lcd_set_cursor@positions     cstackCOMRAM 000004
lcd_set_cursor@row           cstackCOMRAM 000006
lcd_string@str               cstackCOMRAM 000003
main@RH_Decimal              cstackBANK0  0000C5
main@RH_Integral             cstackBANK0  0000C6
main@T_Decimal               cstackBANK0  0000C7
main@T_Integral              cstackBANK0  0000C8
main@buffer                  cstackBANK0  0000B5
main@i                       cstackBANK0  0000CD
main@pwm_duty_cycle          cstackBANK0  0000CB
main@up                      cstackBANK0  0000C9
memcpy@d                     cstackCOMRAM 000007
memcpy@d1                    cstackCOMRAM 000001
memcpy@n                     cstackCOMRAM 000005
memcpy@s                     cstackCOMRAM 000009
memcpy@s1                    cstackCOMRAM 000003
memcpy@tmp                   cstackCOMRAM 00000B
pad@buf                      cstackCOMRAM 000010
pad@fp                       cstackCOMRAM 00000F
pad@i                        cstackCOMRAM 000015
pad@p                        cstackCOMRAM 000012
read_prec_or_width@ap        cstackCOMRAM 000002
read_prec_or_width@c         cstackCOMRAM 000005
read_prec_or_width@fmt       cstackCOMRAM 000001
read_prec_or_width@n         cstackCOMRAM 000006
sprintf@ap                   cstackCOMRAM 000068
sprintf@f                    cstackCOMRAM 000069
sprintf@fmt                  cstackBANK0  0000B0
sprintf@s                    cstackBANK0  0000AF
stackhi                      (abs)        000000
stacklo                      (abs)        000000
start                        init         00000E
start_initialization         cinit        0033D0
strcpy@d                     cstackCOMRAM 000005
strcpy@dest                  cstackCOMRAM 000001
strcpy@src                   cstackCOMRAM 000003
ttemp5                       temp         000080
ttemp6                       temp         000083
ttemp7                       temp         000087
vfpfcnvrt@ap                 cstackCOMRAM 00005F
vfpfcnvrt@c                  cstackCOMRAM 000065
vfpfcnvrt@convarg            cstackCOMRAM 000061
vfpfcnvrt@cp                 cstackCOMRAM 000066
vfpfcnvrt@fmt                cstackCOMRAM 00005E
vfpfcnvrt@fp                 cstackCOMRAM 00005D
vfprintf@ap                  cstackBANK0  0000AE
vfprintf@cfmt                cstackCOMRAM 000067
vfprintf@fmt                 cstackBANK0  0000AD
vfprintf@fp                  cstackBANK0  0000AC
wtemp8                       temp         000080


MODULE INFORMATION

Module		Function		Class		Link	Load	Size
C:\Program Files\Microchip\xc8\v3.00\pic\sources\c99\common\flge.c
		___flge        		CODE           	2A6A	0000	260

C:\Program Files\Microchip\xc8\v3.00\pic\sources\c99\common\flge.c estimated size: 260

C:\Program Files\Microchip\xc8\v3.00\pic\sources\c99\common\abs.c
		_abs           		CODE           	358A	0000	52

C:\Program Files\Microchip\xc8\v3.00\pic\sources\c99\common\abs.c estimated size: 52

C:\Program Files\Microchip\xc8\v3.00\pic\sources\c99\common\nf_fputc.c
		_fputc         		CODE           	2E86	0000	170

C:\Program Files\Microchip\xc8\v3.00\pic\sources\c99\common\nf_fputc.c estimated size: 170

C:\Program Files\Microchip\xc8\v3.00\pic\sources\c99\common\memcpy.c
		_memcpy        		CODE           	3380	0000	80

C:\Program Files\Microchip\xc8\v3.00\pic\sources\c99\common\memcpy.c estimated size: 80

C:\Program Files\Microchip\xc8\v3.00\pic\sources\c99\common\flneg.c
		___flneg       		CODE           	3552	0000	56

C:\Program Files\Microchip\xc8\v3.00\pic\sources\c99\common\flneg.c estimated size: 56

C:\Program Files\Microchip\xc8\v3.00\pic\sources\c99\common\__fpclassifyf.c
		___fpclassifyf 		CODE           	2B6E	0000	254

C:\Program Files\Microchip\xc8\v3.00\pic\sources\c99\common\__fpclassifyf.c estimated size: 254

C:\Program Files\Microchip\xc8\v3.00\pic\sources\c99\common\nf_sprintf.c
		_sprintf       		CODE           	351A	0000	56

C:\Program Files\Microchip\xc8\v3.00\pic\sources\c99\common\nf_sprintf.c estimated size: 56

pwm.c
		_PWM_control   		CODE           	32DA	0000	84
		_PWM_init      		CODE           	363C	0000	30

pwm.c estimated size: 114

adc.c
		_ADC_read      		CODE           	332E	0000	82
		_ADC_init      		CODE           	36C2	0000	14
		_ADC_read_lumi 		CODE           	30FC	0000	108
		_ADC_read_temp 		CODE           	2FD4	0000	160

adc.c estimated size: 364

C:\Program Files\Microchip\xc8\v3.00\pic\sources\c99\common\awmod.c
		___awmod       		CODE           	2D2E	0000	174

C:\Program Files\Microchip\xc8\v3.00\pic\sources\c99\common\awmod.c estimated size: 174

C:\Program Files\Microchip\xc8\v3.00\pic\sources\c99\common\floorf.c
		_floorf        		CODE           	2426	0000	530

C:\Program Files\Microchip\xc8\v3.00\pic\sources\c99\common\floorf.c estimated size: 530

C:\Program Files\Microchip\xc8\v3.00\pic\sources\c99\common\putch.c
		_putch         		CODE           	36D2	0000	2

C:\Program Files\Microchip\xc8\v3.00\pic\sources\c99\common\putch.c estimated size: 2

C:\Program Files\Microchip\xc8\v3.00\pic\sources\c99\common\fleq.c
		___fleq        		CODE           	2DDC	0000	170

C:\Program Files\Microchip\xc8\v3.00\pic\sources\c99\common\fleq.c estimated size: 170

C:\Program Files\Microchip\xc8\v3.00\pic\sources\c99\common\sprcmul.c
		___flmul       		CODE           	1A2A	0000	1062

C:\Program Files\Microchip\xc8\v3.00\pic\sources\c99\common\sprcmul.c estimated size: 1062

C:\Program Files\Microchip\xc8\v3.00\pic\sources\c99\common\sprcdiv.c
		___fldiv       		CODE           	1E50	0000	912

C:\Program Files\Microchip\xc8\v3.00\pic\sources\c99\common\sprcdiv.c estimated size: 912

shared
		__initialization		CODE           	33D0	0000	60

shared estimated size: 60

C:\Program Files\Microchip\xc8\v3.00\pic\sources\c99\common\xxtofl.c
		___xxtofl      		CODE           	2638	0000	436

C:\Program Files\Microchip\xc8\v3.00\pic\sources\c99\common\xxtofl.c estimated size: 436

C:\Program Files\Microchip\xc8\v3.00\pic\sources\c99\common\nf_fputs.c
		_fputs         		CODE           	34A0	0000	64

C:\Program Files\Microchip\xc8\v3.00\pic\sources\c99\common\nf_fputs.c estimated size: 64

C:\Program Files\Microchip\xc8\v3.00\pic\sources\c99\common\strcpy.c
		_strcpy        		CODE           	34E0	0000	58

C:\Program Files\Microchip\xc8\v3.00\pic\sources\c99\common\strcpy.c estimated size: 58

lcd.c
		_lcd_cmd       		CODE           	36B4	0000	14
		_lcd_data      		CODE           	36A6	0000	14
		_lcd_set_cursor		CODE           	365A	0000	28
		_lcd_clear     		CODE           	3676	0000	24
		_lcd_enable    		CODE           	368E	0000	24
		_lcd_string    		CODE           	31CE	0000	94
		_lcd_init      		CODE           	35BE	0000	46

lcd.c estimated size: 244

C:\Program Files\Microchip\xc8\v3.00\pic\sources\c99\common\awdiv.c
		___awdiv       		CODE           	2C6C	0000	194

C:\Program Files\Microchip\xc8\v3.00\pic\sources\c99\common\awdiv.c estimated size: 194

dht11.c
		_DHT11_Init    		CODE           	3618	0000	36
		_DHT11_CheckResponse		CODE           	35EC	0000	44
		_DHT11_ReadData		CODE           	322C	0000	88

dht11.c estimated size: 168

C:\Program Files\Microchip\xc8\v3.00\pic\sources\c99\common\fltol.c
		___fltol       		CODE           	2964	0000	262

C:\Program Files\Microchip\xc8\v3.00\pic\sources\c99\common\fltol.c estimated size: 262

C:\Program Files\Microchip\xc8\v3.00\pic\sources\c99\common\labs.c
		_labs          		CODE           	3284	0000	86

C:\Program Files\Microchip\xc8\v3.00\pic\sources\c99\common\labs.c estimated size: 86

main.c
		_main          		CODE           	1078	0000	1276
		_isr           		CODE           	0008	0000	142

main.c estimated size: 1418

C:\Program Files\Microchip\xc8\v3.00\pic\sources\c99\common\doprnt.c
		_read_prec_or_width		CODE           	2F30	0000	164
		_vfpfcnvrt     		CODE           	21E0	0000	582
		_efgtoa        		CODE           	0694	0000	2532
		_pad           		CODE           	3168	0000	102
		_dtoa          		CODE           	27EC	0000	376
		_vfprintf      		CODE           	3460	0000	64

C:\Program Files\Microchip\xc8\v3.00\pic\sources\c99\common\doprnt.c estimated size: 3820

C:\Program Files\Microchip\xc8\v3.00\pic\sources\c99\common\sprcadd.c
		___flsub       		CODE           	341A	0000	70
		___fladd       		CODE           	1574	0000	1206

C:\Program Files\Microchip\xc8\v3.00\pic\sources\c99\common\sprcadd.c estimated size: 1276

